<?xml version="1.0" encoding="UTF-8"?>
<testsuites name="jest tests" tests="1" failures="0" errors="0" time="3.556">
  <testsuite name="HomeComponent" errors="0" failures="0" skipped="0" timestamp="2022-06-27T22:35:25" time="2.695" tests="1">
    <testcase classname="HomeComponent should create" name="HomeComponent should create" time="0.119">
    </testcase>
  </testsuite>
</testsuites>